eeschema (2013-07-07 BZR 4022)-stable  >> Creation date: 7/27/2015 3:03:52 PM
#Cmp ( order = Reference )
| C1         100nF       
| C2         100nF       
| C3         100nF       
| C4         100nF       
| C5         100nF       
| C6         100nF       
| C7         100nF       
| C8         100nF       
| C9         100nF       
| C10        100nF       
| C11        100nF       
| C12        100nF       
| C13        100nF       
| C14        100nF       
| C15        100nF       
| C16        100nF       
| C17        100uF       
| C18        12pF        
| C19        5-30pF      
| D1         LED         
| D2         LED         
| D3         LED         
| D4         LED         
| DIS1       MAN1A       
| DIS2       MAN1A       
| DIS3       MAN1A       
| DIS4       MAN1A       
| DIS5       MAN1A       
| DIS6       MAN1A       
| HOLE1      CONN_1      
| HOLE2      CONN_1      
| HOLE3      CONN_1      
| HOLE4      CONN_1      
| P1         5V          
| R1         4.7k        
| R2         4.7k        
| R3         4.7k        
| R4         4.7k        
| R5         4.7k        
| R6         330k        
| R7         15M         
| R8         470         
| R9         470         
| R10        470         
| R11        470         
| RP1        470         
| RP2        470         
| RP3        470         
| RP4        470         
| RP5        470         
| RP6        470         
| SW1        SECONDS     
| SW2        MINUTES     
| SW3        HOURS       
| U1         74HCT4060   
| U2         74LS00      
| U3         74LS00      
| U4         74LS00      
| U5         74LS47      
| U6         74LS47      
| U7         74LS47      
| U8         74LS47      
| U9         74LS47      
| U10        74LS47      
| U11        74LS90      
| U12        74LS90      
| U13        74LS90      
| U14        74LS90      
| U15        74LS90      
| U16        74LS90      
| X1         32768Hz     
#End Cmp

#Cmp ( order = Value )
| 12pF         C18       
| 100nF        C1        
| 100nF        C2        
| 100nF        C3        
| 100nF        C4        
| 100nF        C5        
| 100nF        C6        
| 100nF        C7        
| 100nF        C8        
| 100nF        C9        
| 100nF        C10       
| 100nF        C11       
| 100nF        C12       
| 100nF        C13       
| 100nF        C14       
| 100nF        C15       
| 100nF        C16       
| 100uF        C17       
| 5-30pF       C19       
| LED          D1        
| LED          D2        
| LED          D3        
| LED          D4        
| MAN1A        DIS1      
| MAN1A        DIS2      
| MAN1A        DIS3      
| MAN1A        DIS4      
| MAN1A        DIS5      
| MAN1A        DIS6      
| CONN_1       HOLE1     
| CONN_1       HOLE2     
| CONN_1       HOLE3     
| CONN_1       HOLE4     
| 5V           P1        
| 470          R8        
| 470          R9        
| 470          R10       
| 470          R11       
| 4.7k         R1        
| 4.7k         R2        
| 4.7k         R3        
| 4.7k         R4        
| 4.7k         R5        
| 330k         R6        
| 15M          R7        
| 470          RP1       
| 470          RP2       
| 470          RP3       
| 470          RP4       
| 470          RP5       
| 470          RP6       
| SECONDS      SW1       
| MINUTES      SW2       
| HOURS        SW3       
| 74HCT4060    U1        
| 74LS00       U2        
| 74LS00       U3        
| 74LS00       U4        
| 74LS47       U5        
| 74LS47       U6        
| 74LS47       U7        
| 74LS47       U8        
| 74LS47       U9        
| 74LS47       U10       
| 74LS90       U11       
| 74LS90       U12       
| 74LS90       U13       
| 74LS90       U14       
| 74LS90       U15       
| 74LS90       U16       
| 32768Hz      X1        
#End Cmp

#End List
